C:\Users\AC\OneDrive\Desktop\SpringBoot\spring-boot-rest-jobapp\src\main\java\com\example\spring_boot_rest_jobapp\AOP\LoggingAspects.java
C:\Users\AC\OneDrive\Desktop\SpringBoot\spring-boot-rest-jobapp\src\main\java\com\example\spring_boot_rest_jobapp\AOP\PerformanceMonitoring.java
C:\Users\AC\OneDrive\Desktop\SpringBoot\spring-boot-rest-jobapp\src\main\java\com\example\spring_boot_rest_jobapp\AOP\Validation.java
C:\Users\AC\OneDrive\Desktop\SpringBoot\spring-boot-rest-jobapp\src\main\java\com\example\spring_boot_rest_jobapp\Config\SecurityConfig.java
C:\Users\AC\OneDrive\Desktop\SpringBoot\spring-boot-rest-jobapp\src\main\java\com\example\spring_boot_rest_jobapp\JobRestController.java
C:\Users\AC\OneDrive\Desktop\SpringBoot\spring-boot-rest-jobapp\src\main\java\com\example\spring_boot_rest_jobapp\model\JobPost.java
C:\Users\AC\OneDrive\Desktop\SpringBoot\spring-boot-rest-jobapp\src\main\java\com\example\spring_boot_rest_jobapp\model\UserPrincipal.java
C:\Users\AC\OneDrive\Desktop\SpringBoot\spring-boot-rest-jobapp\src\main\java\com\example\spring_boot_rest_jobapp\model\Users.java
C:\Users\AC\OneDrive\Desktop\SpringBoot\spring-boot-rest-jobapp\src\main\java\com\example\spring_boot_rest_jobapp\repo\JobRepo.java
C:\Users\AC\OneDrive\Desktop\SpringBoot\spring-boot-rest-jobapp\src\main\java\com\example\spring_boot_rest_jobapp\repo\UserRepo.java
C:\Users\AC\OneDrive\Desktop\SpringBoot\spring-boot-rest-jobapp\src\main\java\com\example\spring_boot_rest_jobapp\service\JobService.java
C:\Users\AC\OneDrive\Desktop\SpringBoot\spring-boot-rest-jobapp\src\main\java\com\example\spring_boot_rest_jobapp\service\MyUserDetailsServices.java
C:\Users\AC\OneDrive\Desktop\SpringBoot\spring-boot-rest-jobapp\src\main\java\com\example\spring_boot_rest_jobapp\service\UserService.java
C:\Users\AC\OneDrive\Desktop\SpringBoot\spring-boot-rest-jobapp\src\main\java\com\example\spring_boot_rest_jobapp\SpringBootRestJobappApplication.java
C:\Users\AC\OneDrive\Desktop\SpringBoot\spring-boot-rest-jobapp\src\main\java\com\example\spring_boot_rest_jobapp\UserController.java
